{
  "basic": {
    "empty_predictions": 0,
    "total_items": 2,
    "meteor": {
      "score": 0.6190249433106576
    }
  },
  "multiple_ref": {
    "empty_predictions": 0,
    "total_items": 2,
    "meteor": {
      "score": 0.6190249433106576
    }
  },
  "multiple_pred_multiple_ref": {
    "empty_predictions": 0,
    "total_items": 2,
    "meteor": {
      "score": 0.727184593644221
    }
  }
}
