{
  "basic": {
    "empty_items": 0,
    "total_items": 2,
    "custom_bleu": {
      "score": 0.0,
      "precisions": [
        0.18181818181818182,
        0.0,
        0.0,
        0.0
      ],
      "brevity_penalty": 1.0,
      "length_ratio": 3.6666666666666665,
      "translation_length": 11,
      "reference_length": 3
    }
  },
  "multiple_ref": {
    "empty_items": 0,
    "total_items": 2,
    "custom_bleu": {
      "score": 0.0,
      "precisions": [
        0.7272727272727273,
        0.4444444444444444,
        0.2857142857142857,
        0.0
      ],
      "brevity_penalty": 1.0,
      "length_ratio": 1.0,
      "translation_length": 11,
      "reference_length": 11
    }
  },
  "multiple_pred_multiple_ref": {
    "empty_items": 0,
    "total_items": 2,
    "custom_bleu": {
      "score": 0.0,
      "precisions": [
        0.8333333333333334,
        0.5,
        0.25,
        0.0
      ],
      "brevity_penalty": 1.0,
      "length_ratio": 1.0909090909090908,
      "translation_length": 12,
      "reference_length": 11
    }
  }
}
