{
  "basic": {
    "total_items": 2,
    "empty_items": 0,
    "wer": {
      "score": 0.5833333333333334,
      "overall": {
        "substitutions": 6,
        "deletions": 1,
        "insertions": 0,
        "hits": 5
      }
    }
  },
  "basic_concat": {
    "total_items": 2,
    "empty_items": 0,
    "wer": {
      "score": 0.5833333333333334,
      "overall": {
        "substitutions": 6,
        "deletions": 1,
        "insertions": 0,
        "hits": 5
      }
    }
  },
  "multiple_ref": {
    "total_items": 2,
    "empty_items": 0,
    "wer": {
      "score": 1.0,
      "overall": {
        "substitutions": 2.75,
        "deletions": 0.75,
        "insertions": 0.5,
        "hits": 2.25
      }
    }
  },
  "multiple_pred_multiple_ref": {
    "total_items": 2,
    "empty_items": 0,
    "wer": {
      "score": 1.2,
      "overall": {
        "substitutions": 2.75,
        "deletions": 0.5,
        "insertions": 0.75,
        "hits": 2.5
      }
    }
  }
}