{
  "basic": {
    "empty_items": 0,
    "squad": {
      "exact_match": 0.5,
      "f1": 0.8333333333333333
    },
    "total_items": 2
  },
  "multiple_ref": {
    "empty_items": 0,
    "squad": {
      "exact_match": 1.0,
      "f1": 1.0
    },
    "total_items": 2
  },
  "multiple_pred_multiple_ref": {
    "empty_items": 0,
    "squad": {
      "exact_match": 1.0,
      "f1": 1.0
    },
    "total_items": 2
  }
}
