{
  "basic": {
    "empty_predictions": 0,
    "total_items": 2,
    "recall": {
      "score": 0.6571428571428571
    }
  },
  "multiple_ref": {
    "empty_predictions": 0,
    "total_items": 2,
    "recall": {
      "score": 0.6571428571428571
    }
  },
  "multiple_pred_multiple_ref": {
    "empty_predictions": 0,
    "total_items": 2,
    "recall": {
      "score": 0.7285714285714285
    }
  }
}
