{
  "basic_language_generation": {
    "empty_predictions": 0,
    "total_items": 2,
    "f1": {
      "score": 0.6926184355490269
    }
  },
  "multiple_ref_language_generation": {
    "empty_predictions": 0,
    "total_items": 2,
    "f1": {
      "score": 0.6904761904761905
    }
  },
  "multiple_pred_multiple_ref_language_generation": {
    "empty_predictions": 0,
    "total_items": 2,
    "f1": {
      "score": 0.7948717948717947
    }
  },
  "basic_sequence_classification": {
    "empty_predictions": 3,
    "total_items": 6,
    "f1": {
      "score": [
        0.8,
        0.0,
        0.0
      ]
    }
  },
  "multiple_ref_sequence_classification": {
    "empty_predictions": 3,
    "total_items": 6,
    "f1": {
      "score": [
        0.888888888888889,
        0.8,
        0.0
      ]
    }
  },
  "multiple_pred_multiple_ref_sequence_classification": {
    "empty_predictions": 0,
    "total_items": 6,
    "f1": {
      "score": [
        0.888888888888889,
        0.8,
        1.0
      ]
    }
  }
}
