{
  "basic": {
    "empty_predictions": 0,
    "total_items": 2,
    "sacrebleu": {
      "score": 0.3165801094780895,
      "counts": [
        9,
        5,
        3,
        1
      ],
      "totals": [
        14,
        12,
        10,
        8
      ],
      "precisions": [
        0.6428571428571429,
        0.41666666666666663,
        0.3,
        0.125
      ],
      "bp": 1.0,
      "sys_len": 14,
      "ref_len": 13
    }
  },
  "multiple_ref": {
    "empty_predictions": 0,
    "total_items": 2,
    "sacrebleu": {
      "score": 0.3250296630171846,
      "counts": [
        10,
        5,
        3,
        1
      ],
      "totals": [
        14,
        12,
        10,
        8
      ],
      "precisions": [
        0.7142857142857143,
        0.41666666666666663,
        0.3,
        0.125
      ],
      "bp": 1.0,
      "sys_len": 14,
      "ref_len": 14
    }
  },
  "multiple_pred_multiple_ref": {
    "empty_predictions": 0,
    "total_items": 2,
    "sacrebleu": {
      "score": 0.19686011208105844,
      "counts": [
        7,
        4,
        2,
        0
      ],
      "totals": [
        13,
        11,
        9,
        7
      ],
      "precisions": [
        0.5384615384615384,
        0.36363636363636365,
        0.2222222222222222,
        0.07142857142857144
      ],
      "bp": 0.8337529180751805,
      "sys_len": 11,
      "ref_len": 13,
      "adjusted_precisions": [
        0.5384615384615384,
        0.36363636363636365,
        0.2222222222222222,
        0.07142857142857144
      ]
    }
  }
}
