{
  "basic": {
    "empty_predictions": 0,
    "total_items": 2,
    "squad": {
      "exact_match": 50.0,
      "f1": 83.33333333333333
    }
  },
  "multiple_ref": {
    "empty_predictions": 0,
    "total_items": 2,
    "squad": {
      "exact_match": 100.0,
      "f1": 100.0
    }
  },
  "multiple_pred_multiple_ref": {
    "empty_predictions": 0,
    "total_items": 2,
    "squad": {
      "exact_match": 100.0,
      "f1": 100.0
    }
  }
}
